

================================================================
== Vivado HLS Report for 'qam_dem_top'
================================================================
* Date:           Wed Jan 21 09:35:33 2015

* Version:        2014.4 (Build 1071461 on Tue Nov 18 16:42:57 PM 2014)
* Project:        qam_dem
* Solution:       solution1
* Product family: spartan6
* Target device:  xc6slx45tfgg484-3


================================================================
== Performance Estimates
================================================================
+ Timing (ns): 
    * Summary: 
    +---------+-------+----------+------------+
    |  Clock  | Target| Estimated| Uncertainty|
    +---------+-------+----------+------------+
    |default  |  10.00|      8.65|        1.25|
    +---------+-------+----------+------------+

+ Latency (clock cycles): 
    * Summary: 
    +-----+-----+-----+-----+----------+
    |  Latency  |  Interval | Pipeline |
    | min | max | min | max |   Type   |
    +-----+-----+-----+-----+----------+
    |   14|   14|   15|   15| dataflow |
    +-----+-----+-----+-----+----------+

    + Detail: 
        * Instance: 
        +-----------------------------------+------------------------+-----+-----+-----+-----+---------+
        |                                   |                        |  Latency  |  Interval | Pipeline|
        |              Instance             |         Module         | min | max | min | max |   Type  |
        +-----------------------------------+------------------------+-----+-----+-----+-----+---------+
        |grp_qam_dem_top_mounstrito_fu_123  |qam_dem_top_mounstrito  |   14|   14|   14|   14|   none  |
        +-----------------------------------+------------------------+-----+-----+-----+-----+---------+

        * Loop: 
        N/A



================================================================
== Utilization Estimates
================================================================
* Summary: 
+-----------------+---------+-------+-------+-------+
|       Name      | BRAM_18K| DSP48A|   FF  |  LUT  |
+-----------------+---------+-------+-------+-------+
|Expression       |        -|      -|      -|      -|
|FIFO             |        -|      -|      -|      -|
|Instance         |        1|      1|    434|   1285|
|Memory           |        -|      -|      -|      -|
|Multiplexer      |        -|      -|      -|      -|
|Register         |        -|      -|      2|      -|
+-----------------+---------+-------+-------+-------+
|Total            |        1|      1|    436|   1285|
+-----------------+---------+-------+-------+-------+
|Available        |      116|     58|  54576|  27288|
+-----------------+---------+-------+-------+-------+
|Utilization (%)  |    ~0   |      1|   ~0  |      4|
+-----------------+---------+-------+-------+-------+

+ Detail: 
    * Instance: 
    +---------------------------+------------------------+---------+-------+-----+------+
    |          Instance         |         Module         | BRAM_18K| DSP48A|  FF |  LUT |
    +---------------------------+------------------------+---------+-------+-----+------+
    |qam_dem_top_mounstrito_U0  |qam_dem_top_mounstrito  |        1|      1|  434|  1285|
    +---------------------------+------------------------+---------+-------+-----+------+
    |Total                      |                        |        1|      1|  434|  1285|
    +---------------------------+------------------------+---------+-------+-----+------+

    * Memory: 
    N/A

    * FIFO: 
    N/A

    * Expression: 
    N/A

    * Multiplexer: 
    N/A

    * Register: 
    +-------------------------------------------+---+----+-----+-----------+
    |                    Name                   | FF| LUT| Bits| Const Bits|
    +-------------------------------------------+---+----+-----+-----------+
    |ap_CS                                      |  1|   0|    1|          0|
    |ap_reg_procdone_qam_dem_top_mounstrito_U0  |  1|   0|    1|          0|
    +-------------------------------------------+---+----+-----+-----------+
    |Total                                      |  2|   0|    2|          0|
    +-------------------------------------------+---+----+-----+-----------+



================================================================
== Interface
================================================================
* Summary: 
+---------------------+-----+-----+------------+---------------------+--------------+
|      RTL Ports      | Dir | Bits|  Protocol  |    Source Object    |    C Type    |
+---------------------+-----+-----+------------+---------------------+--------------+
|din_i_V              |  in |   16|   ap_none  |       din_i_V       |    scalar    |
|din_q_V              |  in |   16|   ap_none  |       din_q_V       |    scalar    |
|dout_mix_i_V         | out |   16|   ap_none  |     dout_mix_i_V    |    pointer   |
|dout_mix_q_V         | out |   16|   ap_none  |     dout_mix_q_V    |    pointer   |
|ph_in_i_V            |  in |   12|   ap_none  |      ph_in_i_V      |    scalar    |
|ph_in_q_V            |  in |   12|   ap_none  |      ph_in_q_V      |    scalar    |
|ph_out_i_V           | out |   12|   ap_none  |      ph_out_i_V     |    pointer   |
|ph_out_q_V           | out |   12|   ap_none  |      ph_out_q_V     |    pointer   |
|loop_integ_V         | out |   28|   ap_none  |     loop_integ_V    |    pointer   |
|control_qam_V        |  in |    2|   ap_none  |    control_qam_V    |    scalar    |
|control_lf_p         |  in |    8|   ap_none  |     control_lf_p    |    scalar    |
|control_lf_i         |  in |    8|   ap_none  |     control_lf_i    |    scalar    |
|control_lf_out_gain  |  in |    8|   ap_none  | control_lf_out_gain |    scalar    |
|control_reg_clr      |  in |    1|   ap_none  |   control_reg_clr   |    scalar    |
|control_reg_init_V   |  in |   28|   ap_none  |  control_reg_init_V |    scalar    |
|ap_clk               |  in |    1| ap_ctrl_hs |     qam_dem_top     | return value |
|ap_rst               |  in |    1| ap_ctrl_hs |     qam_dem_top     | return value |
|ap_done              | out |    1| ap_ctrl_hs |     qam_dem_top     | return value |
|ap_start             |  in |    1| ap_ctrl_hs |     qam_dem_top     | return value |
|ap_idle              | out |    1| ap_ctrl_hs |     qam_dem_top     | return value |
|ap_ready             | out |    1| ap_ctrl_hs |     qam_dem_top     | return value |
+---------------------+-----+-----+------------+---------------------+--------------+

